README	efba0d5d	3412
Q.ou0	e5903210	28961
Q.ou1	c0a0cec	39848
Qtest.c	39c7381	5823
d.out	fbd2cc70	28614
dI.out	12d50f0d	4517
dIsi.out	1ecb6a38	4498
dItest.c	375fe4e	2372
dd.out	feae6ba5	41333
ddsi.out	1dba4cfd	10661
ddtest.c	f664a218	5631
dt.c	a240b56	7074
dtest.c	fa7324f5	4738
dtst.out	71e63d3	24237
f.out	ea035e24	22461
ftest.c	fe6ae5f0	4736
getround.c	ee95ed1	2502
makefile	f714a641	5634
pfLqtestnos	ffb9723	99
pftest.c	ea314d7f	3452
pftestQ.out	198434fd	830
pftestx.out	1ccea5dd	788
pftestLq.out	1691dbfc	845
pftestnos	ecbc9be6	101
rtestnos	f94bcdf6	336
strtoIdSI.c	7bfb88b	49
strtoIddSI.c	72e8852	50
strtodISI.c	ed08b740	49
strtodt.c	f1aa53af	3374
strtopddSI.c	13e7138d	50
strtorddSI.c	f7e4b1d5	50
testnos	fb521644	498
testnos1	7e16229	294
testnos3	f5ae7ef3	14403
x.ou0	1426698f	25576
x.ou1	e196c6c1	34824
xL.ou0	f85f5eb6	26576
xL.ou1	1550d69c	37429
xLtest.c	f1964154	5556
xQtest.c	efbe29be	1912
xtest.c	1b76bf93	5541
